// Jest Snapshot v1, https://goo.gl/fbAQLP

exports[`Components Form should render as expected, without crashing 1`] = `
<styled.div>
  <Form
    formState={
      Object {
        "educations": Array [],
        "experience": "",
        "hours": Object {
          "max": "",
          "min": "",
        },
        "isFormSaved": false,
      }
    }
    handleSubmitSuccess={[Function]}
    onChange={[Function]}
  />
</styled.div>
`;
