// Jest Snapshot v1, https://goo.gl/fbAQLP

exports[`Components Form should render as expected, without crashing 1`] = `
<form
  onSubmit={[Function]}
>
  <FormHeader
    action={null}
    badge={
      Object {
        "color": "#A986E6",
        "value": "1",
      }
    }
    helper="We will use the data we collect here to better target your desired audience"
    title="Job criteria"
  />
  <InputField
    error=""
    label="A minimum No. years of experience"
    min="0"
    name="experience"
    onChange={[Function]}
    type="number"
    value=""
  />
  <CheckboxesField
    checkboxes={
      Array [
        Object {
          "label": "Bachelor / Graduate",
          "name": "bachelor",
        },
        Object {
          "label": "GCSE / A-Level / Highschool / GED",
          "name": "gcse",
        },
        Object {
          "label": "Master / Post-Graduate / PhD",
          "name": "master",
        },
        Object {
          "label": "Vocational / Diploma / Associates degree",
          "name": "vocational",
        },
      ]
    }
    error=""
    label="Level of education"
    onChange={[Function]}
    state={Array []}
  />
  <RangeInputField
    error=""
    label="No. of working hours (per week)"
    maxError=""
    maxName="max"
    min="1"
    minError=""
    minName="min"
    onChange={[Function]}
    state={
      Object {
        "max": "",
        "min": "",
      }
    }
  />
  <styled.div>
    <Button
      disabled={false}
      loading={false}
      type="submit"
    >
      Save
    </Button>
  </styled.div>
</form>
`;
